<html>
<body>
<pre>
<h1>µVision Build Log</h1>
<h2>Tool Versions:</h2>
IDE-Version: µVision V5.15
Copyright (C) 2015 ARM Ltd and ARM Germany GmbH. All rights reserved.
License Information: Paul Mougin, Adeneo Embedded, LIC=----
 
Tool Versions:
Toolchain:       MDK-Lite  Version: 5.15.0
Toolchain Path:  C:\Keil_v5\ARM\ARMCC\Bin
C Compiler:      Armcc.exe V5.05 update 2 (build 169)
Assembler:       Armasm.exe V5.05 update 2 (build 169)
Linker/Locator:  ArmLink.exe V5.05 update 2 (build 169)
Library Manager: ArmAr.exe V5.05 update 2 (build 169)
Hex Converter:   FromElf.exe V5.05 update 2 (build 169)
CPU DLL:         SARMCM3.DLL V5.15.0
Dialog DLL:      DCM.DLL V1.13.2.0
Target DLL:      STLink\ST-LINKIII-KEIL_SWO.dll V2.0.15.0_KEIL
Dialog DLL:      TCM.DLL V1.14.5.0
 
<h2>Project:</h2>
D:\Dev\Project\STM32F3-Orientation\STM32F3-Discovery\Project\Demonstration\MDK-ARM\Demo.uvprojx
Project File Date:  06/16/2015

<h2>Output:</h2>
*** Using Compiler 'V5.05 update 2 (build 169)', folder: 'C:\Keil_v5\ARM\ARMCC\Bin'
Build target 'Demo'
compiling main.c...
..\VCP_F3.c(133): warning:  #223-D: function "CDC_Send_DATA" declared implicitly
        CDC_Send_DATA((unsigned char*)str, strlen(str));
..\VCP_F3.c(156): warning:  #223-D: function "CDC_Receive_DATA" declared implicitly
        CDC_Receive_DATA();                                                                                                                                             //start receiving data from Virtual COM Port
..\imu_devs.h(54): warning:  #1-D: last line of file ends without a newline
  #endif
..\main.c(183): warning:  #1035-D: single-precision operand implicitly converted to double-precision
                fAccBuffer[i] = AccBuffer[i] * 
lpha + (fAccBuffer[i] * (1.0 - 
lpha));
..\main.c(186): warning:  #1035-D: single-precision operand implicitly converted to double-precision
                fMagBuffer[i] = MagBuffer[i] * 
lpha + (fMagBuffer[i] * (1.0 - 
lpha));
..\main.c(175): warning:  #550-D: variable "HeadingValue" was set but never used
        float HeadingValue = 0.0f;
..\main.c: 6 warnings, 0 errors
linking...
Program Size: Code=17388 RO-data=696 RW-data=460 ZI-data=1236  
FromELF: creating hex file...
".\Demo\Demo.axf" - 0 Error(s), 6 Warning(s).

<h2>Collection of Component include folders:</h2>
  D:\Dev\Project\STM32F3-Orientation\STM32F3-Discovery\Project\Demonstration\MDK-ARM\RTE
  C:\Keil_v5\ARM\PACK\Keil\STM32F3xx_DFP\1.3.0\Device\Include

<h2>Collection of Component Files used:</h2>
</pre>
</body>
</html>
