<html>
<body>
<pre>
<h1>µVision Build Log</h1>
<h2>Tool Versions:</h2>
IDE-Version: µVision V5.13.0.0
Copyright (C) 2014 ARM Ltd and ARM Germany GmbH. All rights reserved.
License Information: Paul Mougin, CPE, LIC=MPPLQ-NVRKU-2ZKW4-FI5KZ-BHKE3-858MT
 
Tool Versions:
Toolchain:       MDK-ARM Standard  Version: 5.13.0.0
Toolchain Path:  C:\Dev\Keil 5\ARM\ARMCC\Bin
C Compiler:      Armcc.exe V5.05 update 1 (build 106)
Assembler:       Armasm.exe V5.05 update 1 (build 106)
Linker/Locator:  ArmLink.exe V5.05 update 1 (build 106)
Library Manager: ArmAr.exe V5.05 update 1 (build 106)
Hex Converter:   FromElf.exe V5.05 update 1 (build 106)
CPU DLL:         SARMCM3.DLL V5.13.0.0
Dialog DLL:      DCM.DLL V1.13.1.0
Target DLL:      STLink\ST-LINKIII-KEIL_SWO.dll V2.0.14.0_KEIL
Dialog DLL:      TCM.DLL V1.14.4.0
 
<h2>Project:</h2>
C:\Dev\Workspace\STM32F3-Orientation\STM32F3-Discovery\Project\Demonstration\MDK-ARM\Demo.uvprojx
Project File Date:  06/14/2015

<h2>Output:</h2>
Build target 'Demo'
compiling main.c...
..\VCP_F3.c(133): warning:  #223-D: function "CDC_Send_DATA" declared implicitly
        CDC_Send_DATA((unsigned char*)str, strlen(str));
..\VCP_F3.c(156): warning:  #223-D: function "CDC_Receive_DATA" declared implicitly
        CDC_Receive_DATA();                                                                                                                                             //start receiving data from Virtual COM Port
..\main.c(192): warning:  #1035-D: single-precision operand implicitly converted to double-precision
        fXg = AccBuffer[0] * alpha + (fXg * (1.0 - alpha));
..\main.c(193): warning:  #1035-D: single-precision operand implicitly converted to double-precision
        fYg = AccBuffer[1] * alpha + (fYg * (1.0 - alpha));
..\main.c(194): warning:  #1035-D: single-precision operand implicitly converted to double-precision
        fZg = AccBuffer[2] * alpha + (fZg * (1.0 - alpha));
..\main.c(196): warning:  #1035-D: single-precision operand implicitly converted to double-precision
    RollAng = (atan2f(-fYg, fZg)*180.0)/PI;
..\main.c(197): warning:  #1035-D: single-precision operand implicitly converted to double-precision
    PitchAng = (atan2f(fXg, sqrt(fYg*fYg + fZg*fZg))*180.0)/PI;
..\main.c(202): warning:  #1035-D: single-precision operand implicitly converted to double-precision
    fCosRoll = sqrt(1.0-(fSinRoll * fSinRoll));
..\main.c(204): warning:  #1035-D: single-precision operand implicitly converted to double-precision
    fCosPitch = sqrt(1.0-(fSinPitch * fSinPitch));
..\main.c: 9 warnings, 0 errors
linking...
Program Size: Code=15380 RO-data=664 RW-data=464 ZI-data=1208  
FromELF: creating hex file...
".\Demo\Demo.axf" - 0 Error(s), 9 Warning(s).

<h2>Collection of Component include folders:</h2>
  C:\Dev\Workspace\STM32F3-Orientation\STM32F3-Discovery\Project\Demonstration\MDK-ARM\RTE
  C:\Dev\Keil 5\ARM\PACK\Keil\STM32F3xx_DFP\1.2.0\Device\Include

<h2>Collection of Component Files used:</h2>
</pre>
</body>
</html>
